MemTotal:        2009656 kB
MemFree:          166848 kB
MemAvailable:     335756 kB
Buffers:            4912 kB
Cached:           448428 kB
SwapCached:            0 kB
Active:           169496 kB
Inactive:        1307036 kB
Active(anon):       9876 kB
Inactive(anon):  1041148 kB
Active(file):     159620 kB
Inactive(file):   265888 kB
Unevictable:       10092 kB
Mlocked:           10092 kB
SwapTotal:             0 kB
SwapFree:              0 kB
Dirty:             20180 kB
Writeback:             0 kB
AnonPages:       1033316 kB
Mapped:           284144 kB
Shmem:             18676 kB
KReclaimable:      61452 kB
Slab:             173024 kB
SReclaimable:      61452 kB
SUnreclaim:       111572 kB
KernelStack:       27384 kB
ShadowCallStack:    6848 kB
PageTables:        60264 kB
NFS_Unstable:          0 kB
Bounce:                0 kB
WritebackTmp:          0 kB
CommitLimit:     1004828 kB
Committed_AS:   44801628 kB
VmallocTotal:   259653632 kB
VmallocUsed:       47540 kB
VmallocChunk:          0 kB
Percpu:             1028 kB
AnonHugePages:         0 kB
ShmemHugePages:        0 kB
ShmemPmdMapped:        0 kB
FileHugePages:         0 kB
FilePmdMapped:         0 kB
CmaTotal:         303104 kB
CmaFree:               0 kB

