MemTotal:        2009656 kB
MemFree:          222872 kB
MemAvailable:     568980 kB
Buffers:            9744 kB
Cached:           604464 kB
SwapCached:            0 kB
Active:           451140 kB
Inactive:         928024 kB
Active(anon):       2076 kB
Inactive(anon):   774852 kB
Active(file):     449064 kB
Inactive(file):   153172 kB
Unevictable:        3736 kB
Mlocked:            3736 kB
SwapTotal:             0 kB
SwapFree:              0 kB
Dirty:             32632 kB
Writeback:             0 kB
AnonPages:        768688 kB
Mapped:           330516 kB
Shmem:              9136 kB
KReclaimable:      62400 kB
Slab:             166440 kB
SReclaimable:      62400 kB
SUnreclaim:       104040 kB
KernelStack:       24104 kB
ShadowCallStack:    6036 kB
PageTables:        52252 kB
NFS_Unstable:          0 kB
Bounce:                0 kB
WritebackTmp:          0 kB
CommitLimit:     1004828 kB
Committed_AS:   42339768 kB
VmallocTotal:   259653632 kB
VmallocUsed:       43320 kB
VmallocChunk:          0 kB
Percpu:             1028 kB
AnonHugePages:         0 kB
ShmemHugePages:        0 kB
ShmemPmdMapped:        0 kB
FileHugePages:         0 kB
FilePmdMapped:         0 kB
CmaTotal:         303104 kB
CmaFree:               0 kB

